// Jest Snapshot v1, https://goo.gl/fbAQLP

exports[`renders correctly 1`] = `
<li
  style={
    Object {
      "textDecoration": "line-through",
    }
  }
>
  Snapshot
</li>
`;
